{
    "dashboard": {
        "title": "{{dashboard_name}}",
        "icon": "line-chart",
        "grid_column_count": 12,
        "visibility": "all",
        "editable": "editable_by_all",
        "metadata": {
            "version": 1
        },
        "widgets": [
            {
                "visualization": "billboard",
                "account_id": "{{newrelic_account_id}}",
                "presentation": {
                    "title": "Errors"
                },
                "data": [
                    {
                        "nrql": "SELECT count(*) FROM Transaction FACET appName WHERE httpResponseCode = '500' AND tags.dxDeploymentName = '{{deployment_name}}'"
                    }
                ],
                "layout": {
                    "row": 1,
                    "column": 1,
                    "width": 4,
                    "height": 3
                }
            },
            {
                "visualization": "facet_pie_chart",
                "account_id": "{{newrelic_account_id}}",
                "presentation": {
                    "title": "Slowest Endpoints (95th percentile)"
                },
                "data": [
                    {
                        "nrql": "SELECT average(duration) FROM Transaction FACET appName, name WHERE tags.dxDeploymentName = '{{deployment_name}}'"
                    }
                ],
                "layout": {
                    "row": 1,
                    "column": 5,
                    "width": 4,
                    "height": 3
                }
            },
            {
                "visualization": "facet_pie_chart",
                "account_id": "{{newrelic_account_id}}",
                "presentation": {
                    "title": "Request Breakdown by Application"
                },
                "data": [
                    {
                        "nrql": "SELECT count(*) FROM Transaction FACET appName LIMIT MAX WHERE tags.dxDeploymentName = '{{deployment_name}}'"
                    }
                ],
                "layout": {
                    "row": 1,
                    "column": 9,
                    "width": 4,
                    "height": 3
                }
            },
            {
                "visualization": "faceted_line_chart",
                "account_id": "{{newrelic_account_id}}",
                "presentation": {
                    "title": "Host Memory Usage (percentage)"
                },
                "data": [
                    {
                        "nrql": "SELECT average(memoryUsedPercent) as '% Used' FROM SystemSample TIMESERIES FACET entityName WHERE dxDeploymentName = '{{deployment_name}}'"
                    }
                ],
                "layout": {
                    "row": 4,
                    "column": 1,
                    "width": 4,
                    "height": 3
                }
            },
            {
                "visualization": "faceted_area_chart",
                "account_id": "{{newrelic_account_id}}",
                "presentation": {
                    "title": "HTTP Responses"
                },
                "data": [
                    {
                        "nrql": "SELECT count(*) FROM Transaction TIMESERIES FACET httpResponseCode WHERE tags.dxDeploymentName = '{{deployment_name}}'"
                    }
                ],
                "layout": {
                    "row": 4,
                    "column": 5,
                    "width": 4,
                    "height": 3
                }
            },
            {
                "visualization": "faceted_line_chart",
                "account_id": "{{newrelic_account_id}}",
                "presentation": {
                    "title": "Heap Memory Used (percentage)"
                },
                "data": [
                    {
                        "nrql": "SELECT average(`apm.service.memory.heap.used`)/average(`apm.service.memory.heap.max`)*100 FROM Metric FACET appName TIMESERIES WHERE tags.dxDeploymentName = '{{deployment_name}}'"
                    }
                ],
                "layout": {
                    "row": 4,
                    "column": 9,
                    "width": 4,
                    "height": 3
                }
            }
        ]
    }
}